// Jest Snapshot v1, https://goo.gl/fbAQLP

exports[`displays Hello world 1`] = `
<div>
  <header
    className=""
  >
    <h1>
      Hello, World
    </h1>
  </header>
</div>
`;
